// Jest Snapshot v1, https://goo.gl/fbAQLP

exports[`思维导图数据测试 删除指定id的节点 1`] = `
Object {
  "children": Array [
    Object {
      "children": Array [
        Object {
          "collapse": false,
          "color": "#a6cee3",
          "depth": 2,
          "dx": 60,
          "dy": -56,
          "gKey": 3,
          "height": 10,
          "id": "0-0-0",
          "left": false,
          "name": "HTML & CSS",
          "parent": [Circular],
          "px": 0,
          "py": 0,
          "rawData": Object {
            "name": "HTML & CSS",
          },
          "width": 10,
          "x": 120,
          "y": 9,
        },
        Object {
          "collapse": false,
          "color": "#a6cee3",
          "depth": 2,
          "dx": 60,
          "dy": -28,
          "gKey": 4,
          "height": 10,
          "id": "0-0-1",
          "left": false,
          "name": "JavaScript",
          "parent": [Circular],
          "px": 0,
          "py": 0,
          "rawData": Object {
            "name": "JavaScript",
          },
          "width": 10,
          "x": 120,
          "y": 37,
        },
        Object {
          "collapse": false,
          "color": "#a6cee3",
          "depth": 2,
          "dx": 60,
          "dy": 0,
          "gKey": 5,
          "height": 10,
          "id": "0-0-2",
          "left": false,
          "name": "DOM",
          "parent": [Circular],
          "px": 0,
          "py": 0,
          "rawData": Object {
            "name": "DOM",
          },
          "width": 10,
          "x": 120,
          "y": 65,
        },
        Object {
          "collapse": false,
          "color": "#a6cee3",
          "depth": 2,
          "dx": 60,
          "dy": 28,
          "gKey": 6,
          "height": 10,
          "id": "0-0-3",
          "left": false,
          "name": "SVG",
          "parent": [Circular],
          "px": 0,
          "py": 0,
          "rawData": Object {
            "name": "SVG",
          },
          "width": 10,
          "x": 120,
          "y": 93,
        },
        Object {
          "collapse": false,
          "color": "#a6cee3",
          "depth": 2,
          "dx": 60,
          "dy": 56,
          "gKey": 7,
          "height": 10,
          "id": "0-0-4",
          "left": false,
          "name": "test
test",
          "parent": [Circular],
          "px": 0,
          "py": 0,
          "rawData": Object {
            "name": "test
test",
          },
          "width": 10,
          "x": 120,
          "y": 121,
        },
      ],
      "collapse": false,
      "color": "#a6cee3",
      "depth": 1,
      "dx": 60,
      "dy": -168,
      "gKey": 2,
      "height": 10,
      "id": "0-0",
      "left": false,
      "name": "预备知识",
      "parent": [Circular],
      "px": 0,
      "py": 0,
      "rawData": Object {
        "children": Array [
          Object {
            "name": "HTML & CSS",
          },
          Object {
            "name": "JavaScript",
          },
          Object {
            "name": "DOM",
          },
          Object {
            "name": "SVG",
          },
          Object {
            "name": "test
test",
          },
        ],
        "name": "预备知识",
      },
      "width": 10,
      "x": 60,
      "y": 65,
    },
    Object {
      "children": Array [
        Object {
          "collapse": false,
          "color": "#b2df8a",
          "depth": 2,
          "dx": 60,
          "dy": -98,
          "gKey": 10,
          "height": 10,
          "id": "0-1-0",
          "left": false,
          "name": "选择集",
          "parent": [Circular],
          "px": 0,
          "py": 0,
          "rawData": Object {
            "name": "选择集",
          },
          "width": 10,
          "x": 120,
          "y": 149,
        },
        Object {
          "collapse": false,
          "color": "#b2df8a",
          "depth": 2,
          "dx": 60,
          "dy": -70,
          "gKey": 11,
          "height": 10,
          "id": "0-1-1",
          "left": false,
          "name": "test",
          "parent": [Circular],
          "px": 0,
          "py": 0,
          "rawData": Object {
            "name": "test",
          },
          "width": 10,
          "x": 120,
          "y": 177,
        },
        Object {
          "collapse": false,
          "color": "#b2df8a",
          "depth": 2,
          "dx": 60,
          "dy": -42,
          "gKey": 12,
          "height": 10,
          "id": "0-1-2",
          "left": false,
          "name": "绑定数据",
          "parent": [Circular],
          "px": 0,
          "py": 0,
          "rawData": Object {
            "name": "绑定数据",
          },
          "width": 10,
          "x": 120,
          "y": 205,
        },
        Object {
          "collapse": false,
          "color": "#b2df8a",
          "depth": 2,
          "dx": 60,
          "dy": -14,
          "gKey": 13,
          "height": 10,
          "id": "0-1-3",
          "left": false,
          "name": "添加删除元素",
          "parent": [Circular],
          "px": 0,
          "py": 0,
          "rawData": Object {
            "name": "添加删除元素",
          },
          "width": 10,
          "x": 120,
          "y": 233,
        },
        Object {
          "children": Array [
            Object {
              "collapse": false,
              "color": "#b2df8a",
              "depth": 3,
              "dx": 60,
              "dy": -28,
              "gKey": 15,
              "height": 10,
              "id": "0-1-4-0",
              "left": false,
              "name": "柱形图",
              "parent": [Circular],
              "px": 0,
              "py": 0,
              "rawData": Object {
                "name": "柱形图",
              },
              "width": 10,
              "x": 180,
              "y": 233,
            },
            Object {
              "collapse": false,
              "color": "#b2df8a",
              "depth": 3,
              "dx": 60,
              "dy": 0,
              "gKey": 16,
              "height": 10,
              "id": "0-1-4-1",
              "left": false,
              "name": "折线图",
              "parent": [Circular],
              "px": 0,
              "py": 0,
              "rawData": Object {
                "name": "折线图",
              },
              "width": 10,
              "x": 180,
              "y": 261,
            },
            Object {
              "collapse": false,
              "color": "#b2df8a",
              "depth": 3,
              "dx": 60,
              "dy": 28,
              "gKey": 17,
              "height": 10,
              "id": "0-1-4-2",
              "left": false,
              "name": "散点图",
              "parent": [Circular],
              "px": 0,
              "py": 0,
              "rawData": Object {
                "name": "散点图",
              },
              "width": 10,
              "x": 180,
              "y": 289,
            },
          ],
          "collapse": false,
          "color": "#b2df8a",
          "depth": 2,
          "dx": 60,
          "dy": 14,
          "gKey": 14,
          "height": 10,
          "id": "0-1-4",
          "left": false,
          "name": "简单图形",
          "parent": [Circular],
          "px": 0,
          "py": 0,
          "rawData": Object {
            "children": Array [
              Object {
                "name": "柱形图",
              },
              Object {
                "name": "折线图",
              },
              Object {
                "name": "散点图",
              },
            ],
            "name": "简单图形",
          },
          "width": 10,
          "x": 120,
          "y": 261,
        },
        Object {
          "collapse": false,
          "color": "#b2df8a",
          "depth": 2,
          "dx": 60,
          "dy": 42,
          "gKey": 18,
          "height": 10,
          "id": "0-1-5",
          "left": false,
          "name": "比例尺",
          "parent": [Circular],
          "px": 0,
          "py": 0,
          "rawData": Object {
            "name": "比例尺",
          },
          "width": 10,
          "x": 120,
          "y": 289,
        },
        Object {
          "collapse": false,
          "color": "#b2df8a",
          "depth": 2,
          "dx": 60,
          "dy": 70,
          "gKey": 19,
          "height": 10,
          "id": "0-1-6",
          "left": false,
          "name": "生成器",
          "parent": [Circular],
          "px": 0,
          "py": 0,
          "rawData": Object {
            "name": "生成器",
          },
          "width": 10,
          "x": 120,
          "y": 317,
        },
        Object {
          "collapse": false,
          "color": "#b2df8a",
          "depth": 2,
          "dx": 60,
          "dy": 98,
          "gKey": 20,
          "height": 10,
          "id": "0-1-7",
          "left": false,
          "name": "过渡",
          "parent": [Circular],
          "px": 0,
          "py": 0,
          "rawData": Object {
            "name": "过渡",
          },
          "width": 10,
          "x": 120,
          "y": 345,
        },
      ],
      "collapse": false,
      "color": "#b2df8a",
      "depth": 1,
      "dx": 60,
      "dy": 14,
      "gKey": 9,
      "height": 10,
      "id": "0-1",
      "left": false,
      "name": "入门",
      "parent": [Circular],
      "px": 0,
      "py": 0,
      "rawData": Object {
        "children": Array [
          Object {
            "name": "选择集",
          },
          Object {
            "name": "test",
          },
          Object {
            "name": "绑定数据",
          },
          Object {
            "name": "添加删除元素",
          },
          Object {
            "children": Array [
              Object {
                "name": "柱形图",
              },
              Object {
                "name": "折线图",
              },
              Object {
                "name": "散点图",
              },
            ],
            "name": "简单图形",
          },
          Object {
            "name": "比例尺",
          },
          Object {
            "name": "生成器",
          },
          Object {
            "name": "过渡",
          },
        ],
        "left": true,
        "name": "入门",
      },
      "width": 10,
      "x": 60,
      "y": 247,
    },
    Object {
      "collapse": false,
      "color": "#33a02c",
      "depth": 1,
      "dx": 60,
      "dy": 91,
      "gKey": 21,
      "height": 10,
      "id": "0-2",
      "left": false,
      "name": "进阶",
      "parent": [Circular],
      "px": 0,
      "py": 0,
      "rawData": Object {
        "left": true,
        "name": "进阶",
      },
      "width": 10,
      "x": 60,
      "y": 324,
    },
    Object {
      "children": Array [
        Object {
          "collapse": false,
          "color": "#fb9a99",
          "depth": 2,
          "dx": 60,
          "dy": -28,
          "gKey": 23,
          "height": 10,
          "id": "0-3-0",
          "left": false,
          "name": "子节点1",
          "parent": [Circular],
          "px": 0,
          "py": 0,
          "rawData": Object {
            "name": "子节点1",
          },
          "width": 10,
          "x": 120,
          "y": 373,
        },
        Object {
          "collapse": false,
          "color": "#fb9a99",
          "depth": 2,
          "dx": 60,
          "dy": 0,
          "gKey": 24,
          "height": 10,
          "id": "0-3-1",
          "left": false,
          "name": "子节点2",
          "parent": [Circular],
          "px": 0,
          "py": 0,
          "rawData": Object {
            "name": "子节点2",
          },
          "width": 10,
          "x": 120,
          "y": 401,
        },
        Object {
          "collapse": false,
          "color": "#fb9a99",
          "depth": 2,
          "dx": 60,
          "dy": 28,
          "gKey": 25,
          "height": 10,
          "id": "0-3-2",
          "left": false,
          "name": "子节点3",
          "parent": [Circular],
          "px": 0,
          "py": 0,
          "rawData": Object {
            "name": "子节点3",
          },
          "width": 10,
          "x": 120,
          "y": 429,
        },
      ],
      "collapse": false,
      "color": "#fb9a99",
      "depth": 1,
      "dx": 60,
      "dy": 168,
      "gKey": 22,
      "height": 10,
      "id": "0-3",
      "left": false,
      "name": "一级节点",
      "parent": [Circular],
      "px": 0,
      "py": 0,
      "rawData": Object {
        "children": Array [
          Object {
            "name": "子节点1",
          },
          Object {
            "name": "子节点2",
          },
          Object {
            "name": "子节点3",
          },
        ],
        "name": "一级节点",
      },
      "width": 10,
      "x": 60,
      "y": 401,
    },
  ],
  "collapse": false,
  "color": "",
  "depth": 0,
  "dx": 0,
  "dy": 0,
  "gKey": 1,
  "height": 10,
  "id": "0",
  "left": false,
  "name": "如何学习D3",
  "parent": null,
  "px": 0,
  "py": 0,
  "rawData": Object {
    "children": Array [
      Object {
        "children": Array [
          Object {
            "name": "HTML & CSS",
          },
          Object {
            "name": "JavaScript",
          },
          Object {
            "name": "DOM",
          },
          Object {
            "name": "SVG",
          },
          Object {
            "name": "test
test",
          },
        ],
        "name": "预备知识",
      },
      Object {
        "children": Array [
          Object {
            "name": "折叠节点",
          },
        ],
        "collapse": true,
        "name": "安装",
      },
      Object {
        "children": Array [
          Object {
            "name": "选择集",
          },
          Object {
            "name": "test",
          },
          Object {
            "name": "绑定数据",
          },
          Object {
            "name": "添加删除元素",
          },
          Object {
            "children": Array [
              Object {
                "name": "柱形图",
              },
              Object {
                "name": "折线图",
              },
              Object {
                "name": "散点图",
              },
            ],
            "name": "简单图形",
          },
          Object {
            "name": "比例尺",
          },
          Object {
            "name": "生成器",
          },
          Object {
            "name": "过渡",
          },
        ],
        "left": true,
        "name": "入门",
      },
      Object {
        "left": true,
        "name": "进阶",
      },
      Object {
        "children": Array [
          Object {
            "name": "子节点1",
          },
          Object {
            "name": "子节点2",
          },
          Object {
            "name": "子节点3",
          },
        ],
        "name": "一级节点",
      },
    ],
    "name": "如何学习D3",
  },
  "width": 10,
  "x": 0,
  "y": 233,
}
`;

exports[`思维导图数据测试 找到指定id的节点 1`] = `
Object {
  "collapse": false,
  "color": "#b2df8a",
  "depth": 2,
  "dx": 60,
  "dy": -42,
  "gKey": 12,
  "height": 10,
  "id": "0-2-2",
  "left": false,
  "name": "绑定数据",
  "parent": Object {
    "children": Array [
      Object {
        "collapse": false,
        "color": "#b2df8a",
        "depth": 2,
        "dx": 60,
        "dy": -98,
        "gKey": 10,
        "height": 10,
        "id": "0-2-0",
        "left": false,
        "name": "选择集",
        "parent": [Circular],
        "px": 0,
        "py": 0,
        "rawData": Object {
          "name": "选择集",
        },
        "width": 10,
        "x": 120,
        "y": 149,
      },
      Object {
        "collapse": false,
        "color": "#b2df8a",
        "depth": 2,
        "dx": 60,
        "dy": -70,
        "gKey": 11,
        "height": 10,
        "id": "0-2-1",
        "left": false,
        "name": "test",
        "parent": [Circular],
        "px": 0,
        "py": 0,
        "rawData": Object {
          "name": "test",
        },
        "width": 10,
        "x": 120,
        "y": 177,
      },
      [Circular],
      Object {
        "collapse": false,
        "color": "#b2df8a",
        "depth": 2,
        "dx": 60,
        "dy": -14,
        "gKey": 13,
        "height": 10,
        "id": "0-2-3",
        "left": false,
        "name": "添加删除元素",
        "parent": [Circular],
        "px": 0,
        "py": 0,
        "rawData": Object {
          "name": "添加删除元素",
        },
        "width": 10,
        "x": 120,
        "y": 233,
      },
      Object {
        "children": Array [
          Object {
            "collapse": false,
            "color": "#b2df8a",
            "depth": 3,
            "dx": 60,
            "dy": -28,
            "gKey": 15,
            "height": 10,
            "id": "0-2-4-0",
            "left": false,
            "name": "柱形图",
            "parent": [Circular],
            "px": 0,
            "py": 0,
            "rawData": Object {
              "name": "柱形图",
            },
            "width": 10,
            "x": 180,
            "y": 233,
          },
          Object {
            "collapse": false,
            "color": "#b2df8a",
            "depth": 3,
            "dx": 60,
            "dy": 0,
            "gKey": 16,
            "height": 10,
            "id": "0-2-4-1",
            "left": false,
            "name": "折线图",
            "parent": [Circular],
            "px": 0,
            "py": 0,
            "rawData": Object {
              "name": "折线图",
            },
            "width": 10,
            "x": 180,
            "y": 261,
          },
          Object {
            "collapse": false,
            "color": "#b2df8a",
            "depth": 3,
            "dx": 60,
            "dy": 28,
            "gKey": 17,
            "height": 10,
            "id": "0-2-4-2",
            "left": false,
            "name": "散点图",
            "parent": [Circular],
            "px": 0,
            "py": 0,
            "rawData": Object {
              "name": "散点图",
            },
            "width": 10,
            "x": 180,
            "y": 289,
          },
        ],
        "collapse": false,
        "color": "#b2df8a",
        "depth": 2,
        "dx": 60,
        "dy": 14,
        "gKey": 14,
        "height": 10,
        "id": "0-2-4",
        "left": false,
        "name": "简单图形",
        "parent": [Circular],
        "px": 0,
        "py": 0,
        "rawData": Object {
          "children": Array [
            Object {
              "name": "柱形图",
            },
            Object {
              "name": "折线图",
            },
            Object {
              "name": "散点图",
            },
          ],
          "name": "简单图形",
        },
        "width": 10,
        "x": 120,
        "y": 261,
      },
      Object {
        "collapse": false,
        "color": "#b2df8a",
        "depth": 2,
        "dx": 60,
        "dy": 42,
        "gKey": 18,
        "height": 10,
        "id": "0-2-5",
        "left": false,
        "name": "比例尺",
        "parent": [Circular],
        "px": 0,
        "py": 0,
        "rawData": Object {
          "name": "比例尺",
        },
        "width": 10,
        "x": 120,
        "y": 289,
      },
      Object {
        "collapse": false,
        "color": "#b2df8a",
        "depth": 2,
        "dx": 60,
        "dy": 70,
        "gKey": 19,
        "height": 10,
        "id": "0-2-6",
        "left": false,
        "name": "生成器",
        "parent": [Circular],
        "px": 0,
        "py": 0,
        "rawData": Object {
          "name": "生成器",
        },
        "width": 10,
        "x": 120,
        "y": 317,
      },
      Object {
        "collapse": false,
        "color": "#b2df8a",
        "depth": 2,
        "dx": 60,
        "dy": 98,
        "gKey": 20,
        "height": 10,
        "id": "0-2-7",
        "left": false,
        "name": "过渡",
        "parent": [Circular],
        "px": 0,
        "py": 0,
        "rawData": Object {
          "name": "过渡",
        },
        "width": 10,
        "x": 120,
        "y": 345,
      },
    ],
    "collapse": false,
    "color": "#b2df8a",
    "depth": 1,
    "dx": 60,
    "dy": 14,
    "gKey": 9,
    "height": 10,
    "id": "0-2",
    "left": false,
    "name": "入门",
    "parent": Object {
      "children": Array [
        Object {
          "children": Array [
            Object {
              "collapse": false,
              "color": "#a6cee3",
              "depth": 2,
              "dx": 60,
              "dy": -56,
              "gKey": 3,
              "height": 10,
              "id": "0-0-0",
              "left": false,
              "name": "HTML & CSS",
              "parent": [Circular],
              "px": 0,
              "py": 0,
              "rawData": Object {
                "name": "HTML & CSS",
              },
              "width": 10,
              "x": 120,
              "y": 9,
            },
            Object {
              "collapse": false,
              "color": "#a6cee3",
              "depth": 2,
              "dx": 60,
              "dy": -28,
              "gKey": 4,
              "height": 10,
              "id": "0-0-1",
              "left": false,
              "name": "JavaScript",
              "parent": [Circular],
              "px": 0,
              "py": 0,
              "rawData": Object {
                "name": "JavaScript",
              },
              "width": 10,
              "x": 120,
              "y": 37,
            },
            Object {
              "collapse": false,
              "color": "#a6cee3",
              "depth": 2,
              "dx": 60,
              "dy": 0,
              "gKey": 5,
              "height": 10,
              "id": "0-0-2",
              "left": false,
              "name": "DOM",
              "parent": [Circular],
              "px": 0,
              "py": 0,
              "rawData": Object {
                "name": "DOM",
              },
              "width": 10,
              "x": 120,
              "y": 65,
            },
            Object {
              "collapse": false,
              "color": "#a6cee3",
              "depth": 2,
              "dx": 60,
              "dy": 28,
              "gKey": 6,
              "height": 10,
              "id": "0-0-3",
              "left": false,
              "name": "SVG",
              "parent": [Circular],
              "px": 0,
              "py": 0,
              "rawData": Object {
                "name": "SVG",
              },
              "width": 10,
              "x": 120,
              "y": 93,
            },
            Object {
              "collapse": false,
              "color": "#a6cee3",
              "depth": 2,
              "dx": 60,
              "dy": 56,
              "gKey": 7,
              "height": 10,
              "id": "0-0-4",
              "left": false,
              "name": "test
test",
              "parent": [Circular],
              "px": 0,
              "py": 0,
              "rawData": Object {
                "name": "test
test",
              },
              "width": 10,
              "x": 120,
              "y": 121,
            },
          ],
          "collapse": false,
          "color": "#a6cee3",
          "depth": 1,
          "dx": 60,
          "dy": -168,
          "gKey": 2,
          "height": 10,
          "id": "0-0",
          "left": false,
          "name": "预备知识",
          "parent": [Circular],
          "px": 0,
          "py": 0,
          "rawData": Object {
            "children": Array [
              Object {
                "name": "HTML & CSS",
              },
              Object {
                "name": "JavaScript",
              },
              Object {
                "name": "DOM",
              },
              Object {
                "name": "SVG",
              },
              Object {
                "name": "test
test",
              },
            ],
            "name": "预备知识",
          },
          "width": 10,
          "x": 60,
          "y": 65,
        },
        Object {
          "collapse": true,
          "color": "#1f78b4",
          "depth": 1,
          "dx": 60,
          "dy": -77,
          "gKey": 8,
          "height": 10,
          "id": "0-1",
          "left": false,
          "name": "安装",
          "parent": [Circular],
          "px": 0,
          "py": 0,
          "rawData": Object {
            "children": Array [
              Object {
                "name": "折叠节点",
              },
            ],
            "collapse": true,
            "name": "安装",
          },
          "width": 10,
          "x": 60,
          "y": 156,
        },
        [Circular],
        Object {
          "collapse": false,
          "color": "#33a02c",
          "depth": 1,
          "dx": 60,
          "dy": 91,
          "gKey": 21,
          "height": 10,
          "id": "0-3",
          "left": false,
          "name": "进阶",
          "parent": [Circular],
          "px": 0,
          "py": 0,
          "rawData": Object {
            "left": true,
            "name": "进阶",
          },
          "width": 10,
          "x": 60,
          "y": 324,
        },
        Object {
          "children": Array [
            Object {
              "collapse": false,
              "color": "#fb9a99",
              "depth": 2,
              "dx": 60,
              "dy": -28,
              "gKey": 23,
              "height": 10,
              "id": "0-4-0",
              "left": false,
              "name": "子节点1",
              "parent": [Circular],
              "px": 0,
              "py": 0,
              "rawData": Object {
                "name": "子节点1",
              },
              "width": 10,
              "x": 120,
              "y": 373,
            },
            Object {
              "collapse": false,
              "color": "#fb9a99",
              "depth": 2,
              "dx": 60,
              "dy": 0,
              "gKey": 24,
              "height": 10,
              "id": "0-4-1",
              "left": false,
              "name": "子节点2",
              "parent": [Circular],
              "px": 0,
              "py": 0,
              "rawData": Object {
                "name": "子节点2",
              },
              "width": 10,
              "x": 120,
              "y": 401,
            },
            Object {
              "collapse": false,
              "color": "#fb9a99",
              "depth": 2,
              "dx": 60,
              "dy": 28,
              "gKey": 25,
              "height": 10,
              "id": "0-4-2",
              "left": false,
              "name": "子节点3",
              "parent": [Circular],
              "px": 0,
              "py": 0,
              "rawData": Object {
                "name": "子节点3",
              },
              "width": 10,
              "x": 120,
              "y": 429,
            },
          ],
          "collapse": false,
          "color": "#fb9a99",
          "depth": 1,
          "dx": 60,
          "dy": 168,
          "gKey": 22,
          "height": 10,
          "id": "0-4",
          "left": false,
          "name": "一级节点",
          "parent": [Circular],
          "px": 0,
          "py": 0,
          "rawData": Object {
            "children": Array [
              Object {
                "name": "子节点1",
              },
              Object {
                "name": "子节点2",
              },
              Object {
                "name": "子节点3",
              },
            ],
            "name": "一级节点",
          },
          "width": 10,
          "x": 60,
          "y": 401,
        },
      ],
      "collapse": false,
      "color": "",
      "depth": 0,
      "dx": 0,
      "dy": 0,
      "gKey": 1,
      "height": 10,
      "id": "0",
      "left": false,
      "name": "如何学习D3",
      "parent": null,
      "px": 0,
      "py": 0,
      "rawData": Object {
        "children": Array [
          Object {
            "children": Array [
              Object {
                "name": "HTML & CSS",
              },
              Object {
                "name": "JavaScript",
              },
              Object {
                "name": "DOM",
              },
              Object {
                "name": "SVG",
              },
              Object {
                "name": "test
test",
              },
            ],
            "name": "预备知识",
          },
          Object {
            "children": Array [
              Object {
                "name": "折叠节点",
              },
            ],
            "collapse": true,
            "name": "安装",
          },
          Object {
            "children": Array [
              Object {
                "name": "选择集",
              },
              Object {
                "name": "test",
              },
              Object {
                "name": "绑定数据",
              },
              Object {
                "name": "添加删除元素",
              },
              Object {
                "children": Array [
                  Object {
                    "name": "柱形图",
                  },
                  Object {
                    "name": "折线图",
                  },
                  Object {
                    "name": "散点图",
                  },
                ],
                "name": "简单图形",
              },
              Object {
                "name": "比例尺",
              },
              Object {
                "name": "生成器",
              },
              Object {
                "name": "过渡",
              },
            ],
            "left": true,
            "name": "入门",
          },
          Object {
            "left": true,
            "name": "进阶",
          },
          Object {
            "children": Array [
              Object {
                "name": "子节点1",
              },
              Object {
                "name": "子节点2",
              },
              Object {
                "name": "子节点3",
              },
            ],
            "name": "一级节点",
          },
        ],
        "name": "如何学习D3",
      },
      "width": 10,
      "x": 0,
      "y": 233,
    },
    "px": 0,
    "py": 0,
    "rawData": Object {
      "children": Array [
        Object {
          "name": "选择集",
        },
        Object {
          "name": "test",
        },
        Object {
          "name": "绑定数据",
        },
        Object {
          "name": "添加删除元素",
        },
        Object {
          "children": Array [
            Object {
              "name": "柱形图",
            },
            Object {
              "name": "折线图",
            },
            Object {
              "name": "散点图",
            },
          ],
          "name": "简单图形",
        },
        Object {
          "name": "比例尺",
        },
        Object {
          "name": "生成器",
        },
        Object {
          "name": "过渡",
        },
      ],
      "left": true,
      "name": "入门",
    },
    "width": 10,
    "x": 60,
    "y": 247,
  },
  "px": 0,
  "py": 0,
  "rawData": Object {
    "name": "绑定数据",
  },
  "width": 10,
  "x": 120,
  "y": 205,
}
`;

exports[`思维导图数据测试 根据Data生成思维导图数据 1`] = `
Object {
  "children": Array [
    Object {
      "children": Array [
        Object {
          "collapse": false,
          "color": "#a6cee3",
          "depth": 2,
          "dx": 60,
          "dy": -56,
          "gKey": 3,
          "height": 10,
          "id": "0-0-0",
          "left": false,
          "name": "HTML & CSS",
          "parent": [Circular],
          "px": 0,
          "py": 0,
          "rawData": Object {
            "name": "HTML & CSS",
          },
          "width": 10,
          "x": 120,
          "y": 9,
        },
        Object {
          "collapse": false,
          "color": "#a6cee3",
          "depth": 2,
          "dx": 60,
          "dy": -28,
          "gKey": 4,
          "height": 10,
          "id": "0-0-1",
          "left": false,
          "name": "JavaScript",
          "parent": [Circular],
          "px": 0,
          "py": 0,
          "rawData": Object {
            "name": "JavaScript",
          },
          "width": 10,
          "x": 120,
          "y": 37,
        },
        Object {
          "collapse": false,
          "color": "#a6cee3",
          "depth": 2,
          "dx": 60,
          "dy": 0,
          "gKey": 5,
          "height": 10,
          "id": "0-0-2",
          "left": false,
          "name": "DOM",
          "parent": [Circular],
          "px": 0,
          "py": 0,
          "rawData": Object {
            "name": "DOM",
          },
          "width": 10,
          "x": 120,
          "y": 65,
        },
        Object {
          "collapse": false,
          "color": "#a6cee3",
          "depth": 2,
          "dx": 60,
          "dy": 28,
          "gKey": 6,
          "height": 10,
          "id": "0-0-3",
          "left": false,
          "name": "SVG",
          "parent": [Circular],
          "px": 0,
          "py": 0,
          "rawData": Object {
            "name": "SVG",
          },
          "width": 10,
          "x": 120,
          "y": 93,
        },
        Object {
          "collapse": false,
          "color": "#a6cee3",
          "depth": 2,
          "dx": 60,
          "dy": 56,
          "gKey": 7,
          "height": 10,
          "id": "0-0-4",
          "left": false,
          "name": "test
test",
          "parent": [Circular],
          "px": 0,
          "py": 0,
          "rawData": Object {
            "name": "test
test",
          },
          "width": 10,
          "x": 120,
          "y": 121,
        },
      ],
      "collapse": false,
      "color": "#a6cee3",
      "depth": 1,
      "dx": 60,
      "dy": -168,
      "gKey": 2,
      "height": 10,
      "id": "0-0",
      "left": false,
      "name": "预备知识",
      "parent": [Circular],
      "px": 0,
      "py": 0,
      "rawData": Object {
        "children": Array [
          Object {
            "name": "HTML & CSS",
          },
          Object {
            "name": "JavaScript",
          },
          Object {
            "name": "DOM",
          },
          Object {
            "name": "SVG",
          },
          Object {
            "name": "test
test",
          },
        ],
        "name": "预备知识",
      },
      "width": 10,
      "x": 60,
      "y": 65,
    },
    Object {
      "collapse": true,
      "color": "#1f78b4",
      "depth": 1,
      "dx": 60,
      "dy": -77,
      "gKey": 8,
      "height": 10,
      "id": "0-1",
      "left": false,
      "name": "安装",
      "parent": [Circular],
      "px": 0,
      "py": 0,
      "rawData": Object {
        "children": Array [
          Object {
            "name": "折叠节点",
          },
        ],
        "collapse": true,
        "name": "安装",
      },
      "width": 10,
      "x": 60,
      "y": 156,
    },
    Object {
      "children": Array [
        Object {
          "collapse": false,
          "color": "#b2df8a",
          "depth": 2,
          "dx": 60,
          "dy": -98,
          "gKey": 10,
          "height": 10,
          "id": "0-2-0",
          "left": false,
          "name": "选择集",
          "parent": [Circular],
          "px": 0,
          "py": 0,
          "rawData": Object {
            "name": "选择集",
          },
          "width": 10,
          "x": 120,
          "y": 149,
        },
        Object {
          "collapse": false,
          "color": "#b2df8a",
          "depth": 2,
          "dx": 60,
          "dy": -70,
          "gKey": 11,
          "height": 10,
          "id": "0-2-1",
          "left": false,
          "name": "test",
          "parent": [Circular],
          "px": 0,
          "py": 0,
          "rawData": Object {
            "name": "test",
          },
          "width": 10,
          "x": 120,
          "y": 177,
        },
        Object {
          "collapse": false,
          "color": "#b2df8a",
          "depth": 2,
          "dx": 60,
          "dy": -42,
          "gKey": 12,
          "height": 10,
          "id": "0-2-2",
          "left": false,
          "name": "绑定数据",
          "parent": [Circular],
          "px": 0,
          "py": 0,
          "rawData": Object {
            "name": "绑定数据",
          },
          "width": 10,
          "x": 120,
          "y": 205,
        },
        Object {
          "collapse": false,
          "color": "#b2df8a",
          "depth": 2,
          "dx": 60,
          "dy": -14,
          "gKey": 13,
          "height": 10,
          "id": "0-2-3",
          "left": false,
          "name": "添加删除元素",
          "parent": [Circular],
          "px": 0,
          "py": 0,
          "rawData": Object {
            "name": "添加删除元素",
          },
          "width": 10,
          "x": 120,
          "y": 233,
        },
        Object {
          "children": Array [
            Object {
              "collapse": false,
              "color": "#b2df8a",
              "depth": 3,
              "dx": 60,
              "dy": -28,
              "gKey": 15,
              "height": 10,
              "id": "0-2-4-0",
              "left": false,
              "name": "柱形图",
              "parent": [Circular],
              "px": 0,
              "py": 0,
              "rawData": Object {
                "name": "柱形图",
              },
              "width": 10,
              "x": 180,
              "y": 233,
            },
            Object {
              "collapse": false,
              "color": "#b2df8a",
              "depth": 3,
              "dx": 60,
              "dy": 0,
              "gKey": 16,
              "height": 10,
              "id": "0-2-4-1",
              "left": false,
              "name": "折线图",
              "parent": [Circular],
              "px": 0,
              "py": 0,
              "rawData": Object {
                "name": "折线图",
              },
              "width": 10,
              "x": 180,
              "y": 261,
            },
            Object {
              "collapse": false,
              "color": "#b2df8a",
              "depth": 3,
              "dx": 60,
              "dy": 28,
              "gKey": 17,
              "height": 10,
              "id": "0-2-4-2",
              "left": false,
              "name": "散点图",
              "parent": [Circular],
              "px": 0,
              "py": 0,
              "rawData": Object {
                "name": "散点图",
              },
              "width": 10,
              "x": 180,
              "y": 289,
            },
          ],
          "collapse": false,
          "color": "#b2df8a",
          "depth": 2,
          "dx": 60,
          "dy": 14,
          "gKey": 14,
          "height": 10,
          "id": "0-2-4",
          "left": false,
          "name": "简单图形",
          "parent": [Circular],
          "px": 0,
          "py": 0,
          "rawData": Object {
            "children": Array [
              Object {
                "name": "柱形图",
              },
              Object {
                "name": "折线图",
              },
              Object {
                "name": "散点图",
              },
            ],
            "name": "简单图形",
          },
          "width": 10,
          "x": 120,
          "y": 261,
        },
        Object {
          "collapse": false,
          "color": "#b2df8a",
          "depth": 2,
          "dx": 60,
          "dy": 42,
          "gKey": 18,
          "height": 10,
          "id": "0-2-5",
          "left": false,
          "name": "比例尺",
          "parent": [Circular],
          "px": 0,
          "py": 0,
          "rawData": Object {
            "name": "比例尺",
          },
          "width": 10,
          "x": 120,
          "y": 289,
        },
        Object {
          "collapse": false,
          "color": "#b2df8a",
          "depth": 2,
          "dx": 60,
          "dy": 70,
          "gKey": 19,
          "height": 10,
          "id": "0-2-6",
          "left": false,
          "name": "生成器",
          "parent": [Circular],
          "px": 0,
          "py": 0,
          "rawData": Object {
            "name": "生成器",
          },
          "width": 10,
          "x": 120,
          "y": 317,
        },
        Object {
          "collapse": false,
          "color": "#b2df8a",
          "depth": 2,
          "dx": 60,
          "dy": 98,
          "gKey": 20,
          "height": 10,
          "id": "0-2-7",
          "left": false,
          "name": "过渡",
          "parent": [Circular],
          "px": 0,
          "py": 0,
          "rawData": Object {
            "name": "过渡",
          },
          "width": 10,
          "x": 120,
          "y": 345,
        },
      ],
      "collapse": false,
      "color": "#b2df8a",
      "depth": 1,
      "dx": 60,
      "dy": 14,
      "gKey": 9,
      "height": 10,
      "id": "0-2",
      "left": false,
      "name": "入门",
      "parent": [Circular],
      "px": 0,
      "py": 0,
      "rawData": Object {
        "children": Array [
          Object {
            "name": "选择集",
          },
          Object {
            "name": "test",
          },
          Object {
            "name": "绑定数据",
          },
          Object {
            "name": "添加删除元素",
          },
          Object {
            "children": Array [
              Object {
                "name": "柱形图",
              },
              Object {
                "name": "折线图",
              },
              Object {
                "name": "散点图",
              },
            ],
            "name": "简单图形",
          },
          Object {
            "name": "比例尺",
          },
          Object {
            "name": "生成器",
          },
          Object {
            "name": "过渡",
          },
        ],
        "left": true,
        "name": "入门",
      },
      "width": 10,
      "x": 60,
      "y": 247,
    },
    Object {
      "collapse": false,
      "color": "#33a02c",
      "depth": 1,
      "dx": 60,
      "dy": 91,
      "gKey": 21,
      "height": 10,
      "id": "0-3",
      "left": false,
      "name": "进阶",
      "parent": [Circular],
      "px": 0,
      "py": 0,
      "rawData": Object {
        "left": true,
        "name": "进阶",
      },
      "width": 10,
      "x": 60,
      "y": 324,
    },
    Object {
      "children": Array [
        Object {
          "collapse": false,
          "color": "#fb9a99",
          "depth": 2,
          "dx": 60,
          "dy": -28,
          "gKey": 23,
          "height": 10,
          "id": "0-4-0",
          "left": false,
          "name": "子节点1",
          "parent": [Circular],
          "px": 0,
          "py": 0,
          "rawData": Object {
            "name": "子节点1",
          },
          "width": 10,
          "x": 120,
          "y": 373,
        },
        Object {
          "collapse": false,
          "color": "#fb9a99",
          "depth": 2,
          "dx": 60,
          "dy": 0,
          "gKey": 24,
          "height": 10,
          "id": "0-4-1",
          "left": false,
          "name": "子节点2",
          "parent": [Circular],
          "px": 0,
          "py": 0,
          "rawData": Object {
            "name": "子节点2",
          },
          "width": 10,
          "x": 120,
          "y": 401,
        },
        Object {
          "collapse": false,
          "color": "#fb9a99",
          "depth": 2,
          "dx": 60,
          "dy": 28,
          "gKey": 25,
          "height": 10,
          "id": "0-4-2",
          "left": false,
          "name": "子节点3",
          "parent": [Circular],
          "px": 0,
          "py": 0,
          "rawData": Object {
            "name": "子节点3",
          },
          "width": 10,
          "x": 120,
          "y": 429,
        },
      ],
      "collapse": false,
      "color": "#fb9a99",
      "depth": 1,
      "dx": 60,
      "dy": 168,
      "gKey": 22,
      "height": 10,
      "id": "0-4",
      "left": false,
      "name": "一级节点",
      "parent": [Circular],
      "px": 0,
      "py": 0,
      "rawData": Object {
        "children": Array [
          Object {
            "name": "子节点1",
          },
          Object {
            "name": "子节点2",
          },
          Object {
            "name": "子节点3",
          },
        ],
        "name": "一级节点",
      },
      "width": 10,
      "x": 60,
      "y": 401,
    },
  ],
  "collapse": false,
  "color": "",
  "depth": 0,
  "dx": 0,
  "dy": 0,
  "gKey": 1,
  "height": 10,
  "id": "0",
  "left": false,
  "name": "如何学习D3",
  "parent": null,
  "px": 0,
  "py": 0,
  "rawData": Object {
    "children": Array [
      Object {
        "children": Array [
          Object {
            "name": "HTML & CSS",
          },
          Object {
            "name": "JavaScript",
          },
          Object {
            "name": "DOM",
          },
          Object {
            "name": "SVG",
          },
          Object {
            "name": "test
test",
          },
        ],
        "name": "预备知识",
      },
      Object {
        "children": Array [
          Object {
            "name": "折叠节点",
          },
        ],
        "collapse": true,
        "name": "安装",
      },
      Object {
        "children": Array [
          Object {
            "name": "选择集",
          },
          Object {
            "name": "test",
          },
          Object {
            "name": "绑定数据",
          },
          Object {
            "name": "添加删除元素",
          },
          Object {
            "children": Array [
              Object {
                "name": "柱形图",
              },
              Object {
                "name": "折线图",
              },
              Object {
                "name": "散点图",
              },
            ],
            "name": "简单图形",
          },
          Object {
            "name": "比例尺",
          },
          Object {
            "name": "生成器",
          },
          Object {
            "name": "过渡",
          },
        ],
        "left": true,
        "name": "入门",
      },
      Object {
        "left": true,
        "name": "进阶",
      },
      Object {
        "children": Array [
          Object {
            "name": "子节点1",
          },
          Object {
            "name": "子节点2",
          },
          Object {
            "name": "子节点3",
          },
        ],
        "name": "一级节点",
      },
    ],
    "name": "如何学习D3",
  },
  "width": 10,
  "x": 0,
  "y": 233,
}
`;

exports[`思维导图数据测试 移动指定id的节点到指定的兄弟节点之前 1`] = `
Object {
  "collapse": false,
  "color": "#b2df8a",
  "depth": 2,
  "dx": 60,
  "dy": -42,
  "gKey": 10,
  "height": 10,
  "id": "0-2-2",
  "left": false,
  "name": "选择集",
  "parent": Object {
    "children": Array [
      Object {
        "collapse": false,
        "color": "#b2df8a",
        "depth": 2,
        "dx": 60,
        "dy": -98,
        "gKey": 11,
        "height": 10,
        "id": "0-2-0",
        "left": false,
        "name": "test",
        "parent": [Circular],
        "px": 0,
        "py": 0,
        "rawData": Object {
          "name": "test",
        },
        "width": 10,
        "x": 120,
        "y": 149,
      },
      Object {
        "collapse": false,
        "color": "#b2df8a",
        "depth": 2,
        "dx": 60,
        "dy": -70,
        "gKey": 12,
        "height": 10,
        "id": "0-2-1",
        "left": false,
        "name": "绑定数据",
        "parent": [Circular],
        "px": 0,
        "py": 0,
        "rawData": Object {
          "name": "绑定数据",
        },
        "width": 10,
        "x": 120,
        "y": 177,
      },
      [Circular],
      Object {
        "collapse": false,
        "color": "#b2df8a",
        "depth": 2,
        "dx": 60,
        "dy": -14,
        "gKey": 13,
        "height": 10,
        "id": "0-2-3",
        "left": false,
        "name": "添加删除元素",
        "parent": [Circular],
        "px": 0,
        "py": 0,
        "rawData": Object {
          "name": "添加删除元素",
        },
        "width": 10,
        "x": 120,
        "y": 233,
      },
      Object {
        "children": Array [
          Object {
            "collapse": false,
            "color": "#b2df8a",
            "depth": 3,
            "dx": 60,
            "dy": -28,
            "gKey": 15,
            "height": 10,
            "id": "0-2-4-0",
            "left": false,
            "name": "柱形图",
            "parent": [Circular],
            "px": 0,
            "py": 0,
            "rawData": Object {
              "name": "柱形图",
            },
            "width": 10,
            "x": 180,
            "y": 233,
          },
          Object {
            "collapse": false,
            "color": "#b2df8a",
            "depth": 3,
            "dx": 60,
            "dy": 0,
            "gKey": 16,
            "height": 10,
            "id": "0-2-4-1",
            "left": false,
            "name": "折线图",
            "parent": [Circular],
            "px": 0,
            "py": 0,
            "rawData": Object {
              "name": "折线图",
            },
            "width": 10,
            "x": 180,
            "y": 261,
          },
          Object {
            "collapse": false,
            "color": "#b2df8a",
            "depth": 3,
            "dx": 60,
            "dy": 28,
            "gKey": 17,
            "height": 10,
            "id": "0-2-4-2",
            "left": false,
            "name": "散点图",
            "parent": [Circular],
            "px": 0,
            "py": 0,
            "rawData": Object {
              "name": "散点图",
            },
            "width": 10,
            "x": 180,
            "y": 289,
          },
        ],
        "collapse": false,
        "color": "#b2df8a",
        "depth": 2,
        "dx": 60,
        "dy": 14,
        "gKey": 14,
        "height": 10,
        "id": "0-2-4",
        "left": false,
        "name": "简单图形",
        "parent": [Circular],
        "px": 0,
        "py": 0,
        "rawData": Object {
          "children": Array [
            Object {
              "name": "柱形图",
            },
            Object {
              "name": "折线图",
            },
            Object {
              "name": "散点图",
            },
          ],
          "name": "简单图形",
        },
        "width": 10,
        "x": 120,
        "y": 261,
      },
      Object {
        "collapse": false,
        "color": "#b2df8a",
        "depth": 2,
        "dx": 60,
        "dy": 42,
        "gKey": 18,
        "height": 10,
        "id": "0-2-5",
        "left": false,
        "name": "比例尺",
        "parent": [Circular],
        "px": 0,
        "py": 0,
        "rawData": Object {
          "name": "比例尺",
        },
        "width": 10,
        "x": 120,
        "y": 289,
      },
      Object {
        "collapse": false,
        "color": "#b2df8a",
        "depth": 2,
        "dx": 60,
        "dy": 70,
        "gKey": 19,
        "height": 10,
        "id": "0-2-6",
        "left": false,
        "name": "生成器",
        "parent": [Circular],
        "px": 0,
        "py": 0,
        "rawData": Object {
          "name": "生成器",
        },
        "width": 10,
        "x": 120,
        "y": 317,
      },
      Object {
        "collapse": false,
        "color": "#b2df8a",
        "depth": 2,
        "dx": 60,
        "dy": 98,
        "gKey": 20,
        "height": 10,
        "id": "0-2-7",
        "left": false,
        "name": "过渡",
        "parent": [Circular],
        "px": 0,
        "py": 0,
        "rawData": Object {
          "name": "过渡",
        },
        "width": 10,
        "x": 120,
        "y": 345,
      },
    ],
    "collapse": false,
    "color": "#b2df8a",
    "depth": 1,
    "dx": 60,
    "dy": 14,
    "gKey": 9,
    "height": 10,
    "id": "0-2",
    "left": false,
    "name": "入门",
    "parent": Object {
      "children": Array [
        Object {
          "children": Array [
            Object {
              "collapse": false,
              "color": "#a6cee3",
              "depth": 2,
              "dx": 60,
              "dy": -56,
              "gKey": 3,
              "height": 10,
              "id": "0-0-0",
              "left": false,
              "name": "HTML & CSS",
              "parent": [Circular],
              "px": 0,
              "py": 0,
              "rawData": Object {
                "name": "HTML & CSS",
              },
              "width": 10,
              "x": 120,
              "y": 9,
            },
            Object {
              "collapse": false,
              "color": "#a6cee3",
              "depth": 2,
              "dx": 60,
              "dy": -28,
              "gKey": 4,
              "height": 10,
              "id": "0-0-1",
              "left": false,
              "name": "JavaScript",
              "parent": [Circular],
              "px": 0,
              "py": 0,
              "rawData": Object {
                "name": "JavaScript",
              },
              "width": 10,
              "x": 120,
              "y": 37,
            },
            Object {
              "collapse": false,
              "color": "#a6cee3",
              "depth": 2,
              "dx": 60,
              "dy": 0,
              "gKey": 5,
              "height": 10,
              "id": "0-0-2",
              "left": false,
              "name": "DOM",
              "parent": [Circular],
              "px": 0,
              "py": 0,
              "rawData": Object {
                "name": "DOM",
              },
              "width": 10,
              "x": 120,
              "y": 65,
            },
            Object {
              "collapse": false,
              "color": "#a6cee3",
              "depth": 2,
              "dx": 60,
              "dy": 28,
              "gKey": 6,
              "height": 10,
              "id": "0-0-3",
              "left": false,
              "name": "SVG",
              "parent": [Circular],
              "px": 0,
              "py": 0,
              "rawData": Object {
                "name": "SVG",
              },
              "width": 10,
              "x": 120,
              "y": 93,
            },
            Object {
              "collapse": false,
              "color": "#a6cee3",
              "depth": 2,
              "dx": 60,
              "dy": 56,
              "gKey": 7,
              "height": 10,
              "id": "0-0-4",
              "left": false,
              "name": "test
test",
              "parent": [Circular],
              "px": 0,
              "py": 0,
              "rawData": Object {
                "name": "test
test",
              },
              "width": 10,
              "x": 120,
              "y": 121,
            },
          ],
          "collapse": false,
          "color": "#a6cee3",
          "depth": 1,
          "dx": 60,
          "dy": -168,
          "gKey": 2,
          "height": 10,
          "id": "0-0",
          "left": false,
          "name": "预备知识",
          "parent": [Circular],
          "px": 0,
          "py": 0,
          "rawData": Object {
            "children": Array [
              Object {
                "name": "HTML & CSS",
              },
              Object {
                "name": "JavaScript",
              },
              Object {
                "name": "DOM",
              },
              Object {
                "name": "SVG",
              },
              Object {
                "name": "test
test",
              },
            ],
            "name": "预备知识",
          },
          "width": 10,
          "x": 60,
          "y": 65,
        },
        Object {
          "collapse": true,
          "color": "#1f78b4",
          "depth": 1,
          "dx": 60,
          "dy": -77,
          "gKey": 8,
          "height": 10,
          "id": "0-1",
          "left": false,
          "name": "安装",
          "parent": [Circular],
          "px": 0,
          "py": 0,
          "rawData": Object {
            "children": Array [
              Object {
                "name": "折叠节点",
              },
            ],
            "collapse": true,
            "name": "安装",
          },
          "width": 10,
          "x": 60,
          "y": 156,
        },
        [Circular],
        Object {
          "collapse": false,
          "color": "#33a02c",
          "depth": 1,
          "dx": 60,
          "dy": 91,
          "gKey": 21,
          "height": 10,
          "id": "0-3",
          "left": false,
          "name": "进阶",
          "parent": [Circular],
          "px": 0,
          "py": 0,
          "rawData": Object {
            "left": true,
            "name": "进阶",
          },
          "width": 10,
          "x": 60,
          "y": 324,
        },
        Object {
          "children": Array [
            Object {
              "collapse": false,
              "color": "#fb9a99",
              "depth": 2,
              "dx": 60,
              "dy": -28,
              "gKey": 23,
              "height": 10,
              "id": "0-4-0",
              "left": false,
              "name": "子节点1",
              "parent": [Circular],
              "px": 0,
              "py": 0,
              "rawData": Object {
                "name": "子节点1",
              },
              "width": 10,
              "x": 120,
              "y": 373,
            },
            Object {
              "collapse": false,
              "color": "#fb9a99",
              "depth": 2,
              "dx": 60,
              "dy": 0,
              "gKey": 24,
              "height": 10,
              "id": "0-4-1",
              "left": false,
              "name": "子节点2",
              "parent": [Circular],
              "px": 0,
              "py": 0,
              "rawData": Object {
                "name": "子节点2",
              },
              "width": 10,
              "x": 120,
              "y": 401,
            },
            Object {
              "collapse": false,
              "color": "#fb9a99",
              "depth": 2,
              "dx": 60,
              "dy": 28,
              "gKey": 25,
              "height": 10,
              "id": "0-4-2",
              "left": false,
              "name": "子节点3",
              "parent": [Circular],
              "px": 0,
              "py": 0,
              "rawData": Object {
                "name": "子节点3",
              },
              "width": 10,
              "x": 120,
              "y": 429,
            },
          ],
          "collapse": false,
          "color": "#fb9a99",
          "depth": 1,
          "dx": 60,
          "dy": 168,
          "gKey": 22,
          "height": 10,
          "id": "0-4",
          "left": false,
          "name": "一级节点",
          "parent": [Circular],
          "px": 0,
          "py": 0,
          "rawData": Object {
            "children": Array [
              Object {
                "name": "子节点1",
              },
              Object {
                "name": "子节点2",
              },
              Object {
                "name": "子节点3",
              },
            ],
            "name": "一级节点",
          },
          "width": 10,
          "x": 60,
          "y": 401,
        },
      ],
      "collapse": false,
      "color": "",
      "depth": 0,
      "dx": 0,
      "dy": 0,
      "gKey": 1,
      "height": 10,
      "id": "0",
      "left": false,
      "name": "如何学习D3",
      "parent": null,
      "px": 0,
      "py": 0,
      "rawData": Object {
        "children": Array [
          Object {
            "children": Array [
              Object {
                "name": "HTML & CSS",
              },
              Object {
                "name": "JavaScript",
              },
              Object {
                "name": "DOM",
              },
              Object {
                "name": "SVG",
              },
              Object {
                "name": "test
test",
              },
            ],
            "name": "预备知识",
          },
          Object {
            "children": Array [
              Object {
                "name": "折叠节点",
              },
            ],
            "collapse": true,
            "name": "安装",
          },
          Object {
            "children": Array [
              Object {
                "name": "test",
              },
              Object {
                "name": "绑定数据",
              },
              Object {
                "name": "选择集",
              },
              Object {
                "name": "添加删除元素",
              },
              Object {
                "children": Array [
                  Object {
                    "name": "柱形图",
                  },
                  Object {
                    "name": "折线图",
                  },
                  Object {
                    "name": "散点图",
                  },
                ],
                "name": "简单图形",
              },
              Object {
                "name": "比例尺",
              },
              Object {
                "name": "生成器",
              },
              Object {
                "name": "过渡",
              },
            ],
            "left": true,
            "name": "入门",
          },
          Object {
            "left": true,
            "name": "进阶",
          },
          Object {
            "children": Array [
              Object {
                "name": "子节点1",
              },
              Object {
                "name": "子节点2",
              },
              Object {
                "name": "子节点3",
              },
            ],
            "name": "一级节点",
          },
        ],
        "name": "如何学习D3",
      },
      "width": 10,
      "x": 0,
      "y": 233,
    },
    "px": 0,
    "py": 0,
    "rawData": Object {
      "children": Array [
        Object {
          "name": "test",
        },
        Object {
          "name": "绑定数据",
        },
        Object {
          "name": "选择集",
        },
        Object {
          "name": "添加删除元素",
        },
        Object {
          "children": Array [
            Object {
              "name": "柱形图",
            },
            Object {
              "name": "折线图",
            },
            Object {
              "name": "散点图",
            },
          ],
          "name": "简单图形",
        },
        Object {
          "name": "比例尺",
        },
        Object {
          "name": "生成器",
        },
        Object {
          "name": "过渡",
        },
      ],
      "left": true,
      "name": "入门",
    },
    "width": 10,
    "x": 60,
    "y": 247,
  },
  "px": 0,
  "py": 0,
  "rawData": Object {
    "name": "选择集",
  },
  "width": 10,
  "x": 120,
  "y": 205,
}
`;

exports[`思维导图数据测试 移动指定id的节点的到指定的父亲节点下 1`] = `
Object {
  "collapse": false,
  "color": "#e31a1c",
  "depth": 1,
  "dx": 60,
  "dy": 168,
  "gKey": 26,
  "height": 10,
  "id": "0-5",
  "left": false,
  "name": "绑定数据",
  "parent": Object {
    "children": Array [
      Object {
        "children": Array [
          Object {
            "collapse": false,
            "color": "#a6cee3",
            "depth": 2,
            "dx": 60,
            "dy": -56,
            "gKey": 3,
            "height": 10,
            "id": "0-0-0",
            "left": false,
            "name": "HTML & CSS",
            "parent": [Circular],
            "px": 0,
            "py": 0,
            "rawData": Object {
              "name": "HTML & CSS",
            },
            "width": 10,
            "x": 120,
            "y": 9,
          },
          Object {
            "collapse": false,
            "color": "#a6cee3",
            "depth": 2,
            "dx": 60,
            "dy": -28,
            "gKey": 4,
            "height": 10,
            "id": "0-0-1",
            "left": false,
            "name": "JavaScript",
            "parent": [Circular],
            "px": 0,
            "py": 0,
            "rawData": Object {
              "name": "JavaScript",
            },
            "width": 10,
            "x": 120,
            "y": 37,
          },
          Object {
            "collapse": false,
            "color": "#a6cee3",
            "depth": 2,
            "dx": 60,
            "dy": 0,
            "gKey": 5,
            "height": 10,
            "id": "0-0-2",
            "left": false,
            "name": "DOM",
            "parent": [Circular],
            "px": 0,
            "py": 0,
            "rawData": Object {
              "name": "DOM",
            },
            "width": 10,
            "x": 120,
            "y": 65,
          },
          Object {
            "collapse": false,
            "color": "#a6cee3",
            "depth": 2,
            "dx": 60,
            "dy": 28,
            "gKey": 6,
            "height": 10,
            "id": "0-0-3",
            "left": false,
            "name": "SVG",
            "parent": [Circular],
            "px": 0,
            "py": 0,
            "rawData": Object {
              "name": "SVG",
            },
            "width": 10,
            "x": 120,
            "y": 93,
          },
          Object {
            "collapse": false,
            "color": "#a6cee3",
            "depth": 2,
            "dx": 60,
            "dy": 56,
            "gKey": 7,
            "height": 10,
            "id": "0-0-4",
            "left": false,
            "name": "test
test",
            "parent": [Circular],
            "px": 0,
            "py": 0,
            "rawData": Object {
              "name": "test
test",
            },
            "width": 10,
            "x": 120,
            "y": 121,
          },
        ],
        "collapse": false,
        "color": "#a6cee3",
        "depth": 1,
        "dx": 60,
        "dy": -168,
        "gKey": 2,
        "height": 10,
        "id": "0-0",
        "left": false,
        "name": "预备知识",
        "parent": [Circular],
        "px": 0,
        "py": 0,
        "rawData": Object {
          "children": Array [
            Object {
              "name": "HTML & CSS",
            },
            Object {
              "name": "JavaScript",
            },
            Object {
              "name": "DOM",
            },
            Object {
              "name": "SVG",
            },
            Object {
              "name": "test
test",
            },
          ],
          "name": "预备知识",
        },
        "width": 10,
        "x": 60,
        "y": 65,
      },
      Object {
        "collapse": true,
        "color": "#1f78b4",
        "depth": 1,
        "dx": 60,
        "dy": -84,
        "gKey": 8,
        "height": 10,
        "id": "0-1",
        "left": false,
        "name": "安装",
        "parent": [Circular],
        "px": 0,
        "py": 0,
        "rawData": Object {
          "children": Array [
            Object {
              "name": "折叠节点",
            },
          ],
          "collapse": true,
          "name": "安装",
        },
        "width": 10,
        "x": 60,
        "y": 149,
      },
      Object {
        "children": Array [
          Object {
            "collapse": false,
            "color": "#b2df8a",
            "depth": 2,
            "dx": 60,
            "dy": -84,
            "gKey": 10,
            "height": 10,
            "id": "0-2-0",
            "left": false,
            "name": "选择集",
            "parent": [Circular],
            "px": 0,
            "py": 0,
            "rawData": Object {
              "name": "选择集",
            },
            "width": 10,
            "x": 120,
            "y": 149,
          },
          Object {
            "collapse": false,
            "color": "#b2df8a",
            "depth": 2,
            "dx": 60,
            "dy": -56,
            "gKey": 11,
            "height": 10,
            "id": "0-2-1",
            "left": false,
            "name": "test",
            "parent": [Circular],
            "px": 0,
            "py": 0,
            "rawData": Object {
              "name": "test",
            },
            "width": 10,
            "x": 120,
            "y": 177,
          },
          Object {
            "collapse": false,
            "color": "#b2df8a",
            "depth": 2,
            "dx": 60,
            "dy": -28,
            "gKey": 13,
            "height": 10,
            "id": "0-2-2",
            "left": false,
            "name": "添加删除元素",
            "parent": [Circular],
            "px": 0,
            "py": 0,
            "rawData": Object {
              "name": "添加删除元素",
            },
            "width": 10,
            "x": 120,
            "y": 205,
          },
          Object {
            "children": Array [
              Object {
                "collapse": false,
                "color": "#b2df8a",
                "depth": 3,
                "dx": 60,
                "dy": -28,
                "gKey": 15,
                "height": 10,
                "id": "0-2-3-0",
                "left": false,
                "name": "柱形图",
                "parent": [Circular],
                "px": 0,
                "py": 0,
                "rawData": Object {
                  "name": "柱形图",
                },
                "width": 10,
                "x": 180,
                "y": 205,
              },
              Object {
                "collapse": false,
                "color": "#b2df8a",
                "depth": 3,
                "dx": 60,
                "dy": 0,
                "gKey": 16,
                "height": 10,
                "id": "0-2-3-1",
                "left": false,
                "name": "折线图",
                "parent": [Circular],
                "px": 0,
                "py": 0,
                "rawData": Object {
                  "name": "折线图",
                },
                "width": 10,
                "x": 180,
                "y": 233,
              },
              Object {
                "collapse": false,
                "color": "#b2df8a",
                "depth": 3,
                "dx": 60,
                "dy": 28,
                "gKey": 17,
                "height": 10,
                "id": "0-2-3-2",
                "left": false,
                "name": "散点图",
                "parent": [Circular],
                "px": 0,
                "py": 0,
                "rawData": Object {
                  "name": "散点图",
                },
                "width": 10,
                "x": 180,
                "y": 261,
              },
            ],
            "collapse": false,
            "color": "#b2df8a",
            "depth": 2,
            "dx": 60,
            "dy": 0,
            "gKey": 14,
            "height": 10,
            "id": "0-2-3",
            "left": false,
            "name": "简单图形",
            "parent": [Circular],
            "px": 0,
            "py": 0,
            "rawData": Object {
              "children": Array [
                Object {
                  "name": "柱形图",
                },
                Object {
                  "name": "折线图",
                },
                Object {
                  "name": "散点图",
                },
              ],
              "name": "简单图形",
            },
            "width": 10,
            "x": 120,
            "y": 233,
          },
          Object {
            "collapse": false,
            "color": "#b2df8a",
            "depth": 2,
            "dx": 60,
            "dy": 28,
            "gKey": 18,
            "height": 10,
            "id": "0-2-4",
            "left": false,
            "name": "比例尺",
            "parent": [Circular],
            "px": 0,
            "py": 0,
            "rawData": Object {
              "name": "比例尺",
            },
            "width": 10,
            "x": 120,
            "y": 261,
          },
          Object {
            "collapse": false,
            "color": "#b2df8a",
            "depth": 2,
            "dx": 60,
            "dy": 56,
            "gKey": 19,
            "height": 10,
            "id": "0-2-5",
            "left": false,
            "name": "生成器",
            "parent": [Circular],
            "px": 0,
            "py": 0,
            "rawData": Object {
              "name": "生成器",
            },
            "width": 10,
            "x": 120,
            "y": 289,
          },
          Object {
            "collapse": false,
            "color": "#b2df8a",
            "depth": 2,
            "dx": 60,
            "dy": 84,
            "gKey": 20,
            "height": 10,
            "id": "0-2-6",
            "left": false,
            "name": "过渡",
            "parent": [Circular],
            "px": 0,
            "py": 0,
            "rawData": Object {
              "name": "过渡",
            },
            "width": 10,
            "x": 120,
            "y": 317,
          },
        ],
        "collapse": false,
        "color": "#b2df8a",
        "depth": 1,
        "dx": 60,
        "dy": 0,
        "gKey": 9,
        "height": 10,
        "id": "0-2",
        "left": false,
        "name": "入门",
        "parent": [Circular],
        "px": 0,
        "py": 0,
        "rawData": Object {
          "children": Array [
            Object {
              "name": "选择集",
            },
            Object {
              "name": "test",
            },
            Object {
              "name": "添加删除元素",
            },
            Object {
              "children": Array [
                Object {
                  "name": "柱形图",
                },
                Object {
                  "name": "折线图",
                },
                Object {
                  "name": "散点图",
                },
              ],
              "name": "简单图形",
            },
            Object {
              "name": "比例尺",
            },
            Object {
              "name": "生成器",
            },
            Object {
              "name": "过渡",
            },
          ],
          "left": true,
          "name": "入门",
        },
        "width": 10,
        "x": 60,
        "y": 233,
      },
      Object {
        "collapse": false,
        "color": "#33a02c",
        "depth": 1,
        "dx": 60,
        "dy": 70,
        "gKey": 21,
        "height": 10,
        "id": "0-3",
        "left": false,
        "name": "进阶",
        "parent": [Circular],
        "px": 0,
        "py": 0,
        "rawData": Object {
          "left": true,
          "name": "进阶",
        },
        "width": 10,
        "x": 60,
        "y": 303,
      },
      Object {
        "children": Array [
          Object {
            "collapse": false,
            "color": "#fb9a99",
            "depth": 2,
            "dx": 60,
            "dy": -28,
            "gKey": 23,
            "height": 10,
            "id": "0-4-0",
            "left": false,
            "name": "子节点1",
            "parent": [Circular],
            "px": 0,
            "py": 0,
            "rawData": Object {
              "name": "子节点1",
            },
            "width": 10,
            "x": 120,
            "y": 345,
          },
          Object {
            "collapse": false,
            "color": "#fb9a99",
            "depth": 2,
            "dx": 60,
            "dy": 0,
            "gKey": 24,
            "height": 10,
            "id": "0-4-1",
            "left": false,
            "name": "子节点2",
            "parent": [Circular],
            "px": 0,
            "py": 0,
            "rawData": Object {
              "name": "子节点2",
            },
            "width": 10,
            "x": 120,
            "y": 373,
          },
          Object {
            "collapse": false,
            "color": "#fb9a99",
            "depth": 2,
            "dx": 60,
            "dy": 28,
            "gKey": 25,
            "height": 10,
            "id": "0-4-2",
            "left": false,
            "name": "子节点3",
            "parent": [Circular],
            "px": 0,
            "py": 0,
            "rawData": Object {
              "name": "子节点3",
            },
            "width": 10,
            "x": 120,
            "y": 401,
          },
        ],
        "collapse": false,
        "color": "#fb9a99",
        "depth": 1,
        "dx": 60,
        "dy": 140,
        "gKey": 22,
        "height": 10,
        "id": "0-4",
        "left": false,
        "name": "一级节点",
        "parent": [Circular],
        "px": 0,
        "py": 0,
        "rawData": Object {
          "children": Array [
            Object {
              "name": "子节点1",
            },
            Object {
              "name": "子节点2",
            },
            Object {
              "name": "子节点3",
            },
          ],
          "name": "一级节点",
        },
        "width": 10,
        "x": 60,
        "y": 373,
      },
      [Circular],
    ],
    "collapse": false,
    "color": "",
    "depth": 0,
    "dx": 0,
    "dy": 0,
    "gKey": 1,
    "height": 10,
    "id": "0",
    "left": false,
    "name": "如何学习D3",
    "parent": null,
    "px": 0,
    "py": 0,
    "rawData": Object {
      "children": Array [
        Object {
          "children": Array [
            Object {
              "name": "HTML & CSS",
            },
            Object {
              "name": "JavaScript",
            },
            Object {
              "name": "DOM",
            },
            Object {
              "name": "SVG",
            },
            Object {
              "name": "test
test",
            },
          ],
          "name": "预备知识",
        },
        Object {
          "children": Array [
            Object {
              "name": "折叠节点",
            },
          ],
          "collapse": true,
          "name": "安装",
        },
        Object {
          "children": Array [
            Object {
              "name": "选择集",
            },
            Object {
              "name": "test",
            },
            Object {
              "name": "添加删除元素",
            },
            Object {
              "children": Array [
                Object {
                  "name": "柱形图",
                },
                Object {
                  "name": "折线图",
                },
                Object {
                  "name": "散点图",
                },
              ],
              "name": "简单图形",
            },
            Object {
              "name": "比例尺",
            },
            Object {
              "name": "生成器",
            },
            Object {
              "name": "过渡",
            },
          ],
          "left": true,
          "name": "入门",
        },
        Object {
          "left": true,
          "name": "进阶",
        },
        Object {
          "children": Array [
            Object {
              "name": "子节点1",
            },
            Object {
              "name": "子节点2",
            },
            Object {
              "name": "子节点3",
            },
          ],
          "name": "一级节点",
        },
        Object {
          "name": "绑定数据",
        },
      ],
      "name": "如何学习D3",
    },
    "width": 10,
    "x": 0,
    "y": 233,
  },
  "px": 0,
  "py": 0,
  "rawData": Object {
    "name": "绑定数据",
  },
  "width": 10,
  "x": 60,
  "y": 401,
}
`;

exports[`思维导图数据测试 给指定id的节点添加新子节点 1`] = `
Object {
  "collapse": false,
  "color": "#1f78b4",
  "depth": 2,
  "dx": 60,
  "dy": 0,
  "gKey": 26,
  "height": 10,
  "id": "0-1-0",
  "left": false,
  "name": "子节点",
  "parent": Object {
    "children": Array [
      [Circular],
    ],
    "collapse": true,
    "color": "#1f78b4",
    "depth": 1,
    "dx": 60,
    "dy": -98,
    "gKey": 8,
    "height": 10,
    "id": "0-1",
    "left": false,
    "name": "安装",
    "parent": Object {
      "children": Array [
        Object {
          "children": Array [
            Object {
              "collapse": false,
              "color": "#a6cee3",
              "depth": 2,
              "dx": 60,
              "dy": -56,
              "gKey": 3,
              "height": 10,
              "id": "0-0-0",
              "left": false,
              "name": "HTML & CSS",
              "parent": [Circular],
              "px": 0,
              "py": 0,
              "rawData": Object {
                "name": "HTML & CSS",
              },
              "width": 10,
              "x": 120,
              "y": 9,
            },
            Object {
              "collapse": false,
              "color": "#a6cee3",
              "depth": 2,
              "dx": 60,
              "dy": -28,
              "gKey": 4,
              "height": 10,
              "id": "0-0-1",
              "left": false,
              "name": "JavaScript",
              "parent": [Circular],
              "px": 0,
              "py": 0,
              "rawData": Object {
                "name": "JavaScript",
              },
              "width": 10,
              "x": 120,
              "y": 37,
            },
            Object {
              "collapse": false,
              "color": "#a6cee3",
              "depth": 2,
              "dx": 60,
              "dy": 0,
              "gKey": 5,
              "height": 10,
              "id": "0-0-2",
              "left": false,
              "name": "DOM",
              "parent": [Circular],
              "px": 0,
              "py": 0,
              "rawData": Object {
                "name": "DOM",
              },
              "width": 10,
              "x": 120,
              "y": 65,
            },
            Object {
              "collapse": false,
              "color": "#a6cee3",
              "depth": 2,
              "dx": 60,
              "dy": 28,
              "gKey": 6,
              "height": 10,
              "id": "0-0-3",
              "left": false,
              "name": "SVG",
              "parent": [Circular],
              "px": 0,
              "py": 0,
              "rawData": Object {
                "name": "SVG",
              },
              "width": 10,
              "x": 120,
              "y": 93,
            },
            Object {
              "collapse": false,
              "color": "#a6cee3",
              "depth": 2,
              "dx": 60,
              "dy": 56,
              "gKey": 7,
              "height": 10,
              "id": "0-0-4",
              "left": false,
              "name": "test
test",
              "parent": [Circular],
              "px": 0,
              "py": 0,
              "rawData": Object {
                "name": "test
test",
              },
              "width": 10,
              "x": 120,
              "y": 121,
            },
          ],
          "collapse": false,
          "color": "#a6cee3",
          "depth": 1,
          "dx": 60,
          "dy": -182,
          "gKey": 2,
          "height": 10,
          "id": "0-0",
          "left": false,
          "name": "预备知识",
          "parent": [Circular],
          "px": 0,
          "py": 0,
          "rawData": Object {
            "children": Array [
              Object {
                "name": "HTML & CSS",
              },
              Object {
                "name": "JavaScript",
              },
              Object {
                "name": "DOM",
              },
              Object {
                "name": "SVG",
              },
              Object {
                "name": "test
test",
              },
            ],
            "name": "预备知识",
          },
          "width": 10,
          "x": 60,
          "y": 65,
        },
        [Circular],
        Object {
          "children": Array [
            Object {
              "collapse": false,
              "color": "#b2df8a",
              "depth": 2,
              "dx": 60,
              "dy": -98,
              "gKey": 10,
              "height": 10,
              "id": "0-2-0",
              "left": false,
              "name": "选择集",
              "parent": [Circular],
              "px": 0,
              "py": 0,
              "rawData": Object {
                "name": "选择集",
              },
              "width": 10,
              "x": 120,
              "y": 177,
            },
            Object {
              "collapse": false,
              "color": "#b2df8a",
              "depth": 2,
              "dx": 60,
              "dy": -70,
              "gKey": 11,
              "height": 10,
              "id": "0-2-1",
              "left": false,
              "name": "test",
              "parent": [Circular],
              "px": 0,
              "py": 0,
              "rawData": Object {
                "name": "test",
              },
              "width": 10,
              "x": 120,
              "y": 205,
            },
            Object {
              "collapse": false,
              "color": "#b2df8a",
              "depth": 2,
              "dx": 60,
              "dy": -42,
              "gKey": 12,
              "height": 10,
              "id": "0-2-2",
              "left": false,
              "name": "绑定数据",
              "parent": [Circular],
              "px": 0,
              "py": 0,
              "rawData": Object {
                "name": "绑定数据",
              },
              "width": 10,
              "x": 120,
              "y": 233,
            },
            Object {
              "collapse": false,
              "color": "#b2df8a",
              "depth": 2,
              "dx": 60,
              "dy": -14,
              "gKey": 13,
              "height": 10,
              "id": "0-2-3",
              "left": false,
              "name": "添加删除元素",
              "parent": [Circular],
              "px": 0,
              "py": 0,
              "rawData": Object {
                "name": "添加删除元素",
              },
              "width": 10,
              "x": 120,
              "y": 261,
            },
            Object {
              "children": Array [
                Object {
                  "collapse": false,
                  "color": "#b2df8a",
                  "depth": 3,
                  "dx": 60,
                  "dy": -28,
                  "gKey": 15,
                  "height": 10,
                  "id": "0-2-4-0",
                  "left": false,
                  "name": "柱形图",
                  "parent": [Circular],
                  "px": 0,
                  "py": 0,
                  "rawData": Object {
                    "name": "柱形图",
                  },
                  "width": 10,
                  "x": 180,
                  "y": 261,
                },
                Object {
                  "collapse": false,
                  "color": "#b2df8a",
                  "depth": 3,
                  "dx": 60,
                  "dy": 0,
                  "gKey": 16,
                  "height": 10,
                  "id": "0-2-4-1",
                  "left": false,
                  "name": "折线图",
                  "parent": [Circular],
                  "px": 0,
                  "py": 0,
                  "rawData": Object {
                    "name": "折线图",
                  },
                  "width": 10,
                  "x": 180,
                  "y": 289,
                },
                Object {
                  "collapse": false,
                  "color": "#b2df8a",
                  "depth": 3,
                  "dx": 60,
                  "dy": 28,
                  "gKey": 17,
                  "height": 10,
                  "id": "0-2-4-2",
                  "left": false,
                  "name": "散点图",
                  "parent": [Circular],
                  "px": 0,
                  "py": 0,
                  "rawData": Object {
                    "name": "散点图",
                  },
                  "width": 10,
                  "x": 180,
                  "y": 317,
                },
              ],
              "collapse": false,
              "color": "#b2df8a",
              "depth": 2,
              "dx": 60,
              "dy": 14,
              "gKey": 14,
              "height": 10,
              "id": "0-2-4",
              "left": false,
              "name": "简单图形",
              "parent": [Circular],
              "px": 0,
              "py": 0,
              "rawData": Object {
                "children": Array [
                  Object {
                    "name": "柱形图",
                  },
                  Object {
                    "name": "折线图",
                  },
                  Object {
                    "name": "散点图",
                  },
                ],
                "name": "简单图形",
              },
              "width": 10,
              "x": 120,
              "y": 289,
            },
            Object {
              "collapse": false,
              "color": "#b2df8a",
              "depth": 2,
              "dx": 60,
              "dy": 42,
              "gKey": 18,
              "height": 10,
              "id": "0-2-5",
              "left": false,
              "name": "比例尺",
              "parent": [Circular],
              "px": 0,
              "py": 0,
              "rawData": Object {
                "name": "比例尺",
              },
              "width": 10,
              "x": 120,
              "y": 317,
            },
            Object {
              "collapse": false,
              "color": "#b2df8a",
              "depth": 2,
              "dx": 60,
              "dy": 70,
              "gKey": 19,
              "height": 10,
              "id": "0-2-6",
              "left": false,
              "name": "生成器",
              "parent": [Circular],
              "px": 0,
              "py": 0,
              "rawData": Object {
                "name": "生成器",
              },
              "width": 10,
              "x": 120,
              "y": 345,
            },
            Object {
              "collapse": false,
              "color": "#b2df8a",
              "depth": 2,
              "dx": 60,
              "dy": 98,
              "gKey": 20,
              "height": 10,
              "id": "0-2-7",
              "left": false,
              "name": "过渡",
              "parent": [Circular],
              "px": 0,
              "py": 0,
              "rawData": Object {
                "name": "过渡",
              },
              "width": 10,
              "x": 120,
              "y": 373,
            },
          ],
          "collapse": false,
          "color": "#b2df8a",
          "depth": 1,
          "dx": 60,
          "dy": 28,
          "gKey": 9,
          "height": 10,
          "id": "0-2",
          "left": false,
          "name": "入门",
          "parent": [Circular],
          "px": 0,
          "py": 0,
          "rawData": Object {
            "children": Array [
              Object {
                "name": "选择集",
              },
              Object {
                "name": "test",
              },
              Object {
                "name": "绑定数据",
              },
              Object {
                "name": "添加删除元素",
              },
              Object {
                "children": Array [
                  Object {
                    "name": "柱形图",
                  },
                  Object {
                    "name": "折线图",
                  },
                  Object {
                    "name": "散点图",
                  },
                ],
                "name": "简单图形",
              },
              Object {
                "name": "比例尺",
              },
              Object {
                "name": "生成器",
              },
              Object {
                "name": "过渡",
              },
            ],
            "left": true,
            "name": "入门",
          },
          "width": 10,
          "x": 60,
          "y": 275,
        },
        Object {
          "collapse": false,
          "color": "#33a02c",
          "depth": 1,
          "dx": 60,
          "dy": 105,
          "gKey": 21,
          "height": 10,
          "id": "0-3",
          "left": false,
          "name": "进阶",
          "parent": [Circular],
          "px": 0,
          "py": 0,
          "rawData": Object {
            "left": true,
            "name": "进阶",
          },
          "width": 10,
          "x": 60,
          "y": 352,
        },
        Object {
          "children": Array [
            Object {
              "collapse": false,
              "color": "#fb9a99",
              "depth": 2,
              "dx": 60,
              "dy": -28,
              "gKey": 23,
              "height": 10,
              "id": "0-4-0",
              "left": false,
              "name": "子节点1",
              "parent": [Circular],
              "px": 0,
              "py": 0,
              "rawData": Object {
                "name": "子节点1",
              },
              "width": 10,
              "x": 120,
              "y": 401,
            },
            Object {
              "collapse": false,
              "color": "#fb9a99",
              "depth": 2,
              "dx": 60,
              "dy": 0,
              "gKey": 24,
              "height": 10,
              "id": "0-4-1",
              "left": false,
              "name": "子节点2",
              "parent": [Circular],
              "px": 0,
              "py": 0,
              "rawData": Object {
                "name": "子节点2",
              },
              "width": 10,
              "x": 120,
              "y": 429,
            },
            Object {
              "collapse": false,
              "color": "#fb9a99",
              "depth": 2,
              "dx": 60,
              "dy": 28,
              "gKey": 25,
              "height": 10,
              "id": "0-4-2",
              "left": false,
              "name": "子节点3",
              "parent": [Circular],
              "px": 0,
              "py": 0,
              "rawData": Object {
                "name": "子节点3",
              },
              "width": 10,
              "x": 120,
              "y": 457,
            },
          ],
          "collapse": false,
          "color": "#fb9a99",
          "depth": 1,
          "dx": 60,
          "dy": 182,
          "gKey": 22,
          "height": 10,
          "id": "0-4",
          "left": false,
          "name": "一级节点",
          "parent": [Circular],
          "px": 0,
          "py": 0,
          "rawData": Object {
            "children": Array [
              Object {
                "name": "子节点1",
              },
              Object {
                "name": "子节点2",
              },
              Object {
                "name": "子节点3",
              },
            ],
            "name": "一级节点",
          },
          "width": 10,
          "x": 60,
          "y": 429,
        },
      ],
      "collapse": false,
      "color": "",
      "depth": 0,
      "dx": 0,
      "dy": 0,
      "gKey": 1,
      "height": 10,
      "id": "0",
      "left": false,
      "name": "如何学习D3",
      "parent": null,
      "px": 0,
      "py": 0,
      "rawData": Object {
        "children": Array [
          Object {
            "children": Array [
              Object {
                "name": "HTML & CSS",
              },
              Object {
                "name": "JavaScript",
              },
              Object {
                "name": "DOM",
              },
              Object {
                "name": "SVG",
              },
              Object {
                "name": "test
test",
              },
            ],
            "name": "预备知识",
          },
          Object {
            "children": Array [
              Object {
                "name": "折叠节点",
              },
              Object {
                "name": "子节点",
              },
            ],
            "collapse": true,
            "name": "安装",
          },
          Object {
            "children": Array [
              Object {
                "name": "选择集",
              },
              Object {
                "name": "test",
              },
              Object {
                "name": "绑定数据",
              },
              Object {
                "name": "添加删除元素",
              },
              Object {
                "children": Array [
                  Object {
                    "name": "柱形图",
                  },
                  Object {
                    "name": "折线图",
                  },
                  Object {
                    "name": "散点图",
                  },
                ],
                "name": "简单图形",
              },
              Object {
                "name": "比例尺",
              },
              Object {
                "name": "生成器",
              },
              Object {
                "name": "过渡",
              },
            ],
            "left": true,
            "name": "入门",
          },
          Object {
            "left": true,
            "name": "进阶",
          },
          Object {
            "children": Array [
              Object {
                "name": "子节点1",
              },
              Object {
                "name": "子节点2",
              },
              Object {
                "name": "子节点3",
              },
            ],
            "name": "一级节点",
          },
        ],
        "name": "如何学习D3",
      },
      "width": 10,
      "x": 0,
      "y": 247,
    },
    "px": 0,
    "py": 0,
    "rawData": Object {
      "children": Array [
        Object {
          "name": "折叠节点",
        },
        Object {
          "name": "子节点",
        },
      ],
      "collapse": true,
      "name": "安装",
    },
    "width": 10,
    "x": 60,
    "y": 149,
  },
  "px": 0,
  "py": 0,
  "rawData": Object {
    "name": "子节点",
  },
  "width": 10,
  "x": 120,
  "y": 149,
}
`;
